###############################################################################
#
# IAR ELF Linker V8.11.3.13950/W32 for ARM                26/Jan/2023  15:59:24
# Copyright 2007-2017 IAR Systems AB.
#
#    Output file  =  U:\EE474\lab1\Debug\Exe\task2.out
#    Map file     =  U:\EE474\lab1\Debug\List\task2.map
#    Command line =  
#        -f C:\Users\tianyl28\AppData\Local\Temp\EW951A.tmp
#        (U:\EE474\lab1\Debug\Obj\task2_main.o -o
#        U:\EE474\lab1\Debug\Exe\task2.out --map
#        U:\EE474\lab1\Debug\List\task2.map --config "C:\Program Files
#        (x86)\IAR Systems\Embedded Workbench
#        8.0\arm\config\linker\TexasInstruments\TM4C1294NC.icf" --semihosting
#        --entry __iar_program_start --vfe --text_out locale)
#
###############################################################################

*******************************************************************************
*** RUNTIME MODEL ATTRIBUTES
***

CppFlavor       = *
__SystemLibrary = DLib
__dlib_version  = 6


*******************************************************************************
*** HEAP SELECTION
***

The basic heap was selected because some modules are built with
size limitations (and not runtime checking), and --advanced_heap
was not specified.


*******************************************************************************
*** PLACEMENT SUMMARY
***

"A0":  place at 0x00000000 { ro section .intvec };
"P1":  place in [from 0x00000000 to 0x000fffff] { ro };
define block CSTACK with size = 32K, alignment = 8 { };
define block HEAP with size = 64K, alignment = 8 { };
"P2":  place in [from 0x20000000 to 0x2003ffff] {
          rw, block CSTACK, block HEAP };

  Section   Kind        Address    Size  Object
  -------   ----        -------    ----  ------
"A0":                              0x40
  .intvec   ro code  0x00000000    0x40  vector_table_M.o [5]
                   - 0x00000040    0x40

"P1":                             0x1a0
  .text     ro code  0x00000040   0x12a  task2_main.o [1]
  .text     ro code  0x0000016a     0x2  vector_table_M.o [5]
  .text     ro code  0x0000016c    0x22  fpinit_M.o [4]
  .text     ro code  0x00000190    0x1a  cmain.o [5]
  .text     ro code  0x000001aa     0x4  low_level_init.o [3]
  .text     ro code  0x000001ae     0x4  exit.o [3]
  .text     ro code  0x000001b4     0xa  cexit.o [5]
  .text     ro code  0x000001c0    0x14  exit.o [6]
  .text     ro code  0x000001d4     0xc  cstartup_M.o [5]
                   - 0x000001e0   0x1a0

"P2":                            0x8000
  CSTACK             0x20000000  0x8000  <Block>
    CSTACK  uninit   0x20000000  0x8000  <Block tail>
                   - 0x20008000  0x8000



*******************************************************************************
*** MODULE SUMMARY
***

    Module            ro code  rw data
    ------            -------  -------
U:\EE474\lab1\Debug\Obj: [1]
    task2_main.o          298
    ----------------------------------
    Total:                298

command line: [2]
    ----------------------------------
    Total:

dl7M_tln.a: [3]
    exit.o                  4
    low_level_init.o        4
    ----------------------------------
    Total:                  8

m7M_tls.a: [4]
    fpinit_M.o             34
    ----------------------------------
    Total:                 34

rt7M_tl.a: [5]
    cexit.o                10
    cmain.o                26
    cstartup_M.o           12
    vector_table_M.o       66
    ----------------------------------
    Total:                114

shb_l.a: [6]
    exit.o                 20
    ----------------------------------
    Total:                 20

    Gaps                    6
    Linker created              32 768
--------------------------------------
    Grand Total:          480   32 768


*******************************************************************************
*** ENTRY LIST
***

Entry                      Address  Size  Type      Object
-----                      -------  ----  ----      ------
?main                   0x00000191        Code  Gb  cmain.o [5]
CSTACK$$Base            0x20000000         --   Gb  - Linker created -
CSTACK$$Limit           0x20008000         --   Gb  - Linker created -
LED_init                0x00000041  0x5c  Code  Gb  task2_main.o [1]
LED_off                 0x000000ab   0xe  Code  Gb  task2_main.o [1]
LED_on                  0x0000009d   0xe  Code  Gb  task2_main.o [1]
Region$$Table$$Base     0x00000000         --   Gb  - Linker created -
Region$$Table$$Limit    0x00000000         --   Gb  - Linker created -
__cmain                 0x00000191        Code  Gb  cmain.o [5]
__exit                  0x000001c1  0x14  Code  Gb  exit.o [6]
__iar_init_vfp          0x0000016d        Code  Gb  fpinit_M.o [4]
__iar_program_start     0x000001d5        Code  Gb  cstartup_M.o [5]
__iar_systems$$module {Abs}
                        0x00000001        Data  Gb  command line/config [2]
__low_level_init        0x000001ab   0x4  Code  Gb  low_level_init.o [3]
__vector_table          0x00000000        Data  Gb  vector_table_M.o [5]
_call_main              0x0000019d        Code  Gb  cmain.o [5]
_exit                   0x000001b5        Code  Gb  cexit.o [5]
_main                   0x000001a7        Code  Gb  cmain.o [5]
exit                    0x000001af   0x4  Code  Gb  exit.o [3]
extern_switch_init      0x000000b9  0x5c  Code  Gb  task2_main.o [1]
main                    0x0000014d  0x1e  Code  Gb  task2_main.o [1]
switch_input            0x00000115   0xa  Code  Gb  task2_main.o [1]


[1] = U:\EE474\lab1\Debug\Obj
[2] = command line
[3] = dl7M_tln.a
[4] = m7M_tls.a
[5] = rt7M_tl.a
[6] = shb_l.a

     480 bytes of readonly  code memory
  32 768 bytes of readwrite data memory

Errors: none
Warnings: none
