###############################################################################
#
# IAR ELF Linker V8.11.3.13950/W32 for ARM                23/Feb/2023  13:53:05
# Copyright 2007-2017 IAR Systems AB.
#
#    Output file  =  
#        C:\Users\alanl\OneDrive\Documents\lab3\task2b\Debug\Exe\task2b.out
#    Map file     =  
#        C:\Users\alanl\OneDrive\Documents\lab3\task2b\Debug\List\task2b.map
#    Command line =  
#        -f C:\Users\alanl\AppData\Local\Temp\EWD75E.tmp
#        (C:\Users\alanl\OneDrive\Documents\lab3\task2b\Debug\Obj\cstartup_M.o
#        C:\Users\alanl\OneDrive\Documents\lab3\task2b\Debug\Obj\Lab3_Inits.o
#        C:\Users\alanl\OneDrive\Documents\lab3\task2b\Debug\Obj\Lab3_Task2b.o
#        -o C:\Users\alanl\OneDrive\Documents\lab3\task2b\Debug\Exe\task2b.out
#        --map
#        C:\Users\alanl\OneDrive\Documents\lab3\task2b\Debug\List\task2b.map
#        --config "C:\Program Files (x86)\IAR Systems\Embedded Workbench
#        8.0\arm\config\linker\TexasInstruments\TM4C1294NC.icf" --semihosting
#        --entry __iar_program_start --vfe --text_out locale)
#
###############################################################################

*******************************************************************************
*** RUNTIME MODEL ATTRIBUTES
***

CppFlavor       = *
__SystemLibrary = DLib
__dlib_version  = 6


*******************************************************************************
*** HEAP SELECTION
***

The basic heap was selected because some modules are built with
size limitations (and not runtime checking), and --advanced_heap
was not specified.


*******************************************************************************
*** PLACEMENT SUMMARY
***

"A0":  place at 0x00000000 { ro section .intvec };
"P1":  place in [from 0x00000000 to 0x000fffff] { ro };
define block CSTACK with size = 32K, alignment = 8 { };
define block HEAP with size = 64K, alignment = 8 { };
"P2":  place in [from 0x20000000 to 0x2003ffff] {
          rw, block CSTACK, block HEAP };

  Section          Kind        Address    Size  Object
  -------          ----        -------    ----  ------
"A0":                                    0x208
  .intvec          const    0x00000000   0x208  cstartup_M.o [1]
                          - 0x00000208   0x208

"P1":                                    0x618
  .text            ro code  0x00000208   0x498  Lab3_Inits.o [1]
  .text            ro code  0x000006a0    0x80  Lab3_Task2b.o [1]
  .text            ro code  0x00000720    0x40  zero_init3.o [5]
  .text            ro code  0x00000760    0x28  data_init.o [5]
  .text            ro code  0x00000788    0x22  fpinit_M.o [4]
  .iar.init_table  const    0x000007ac    0x10  - Linker created -
  .text            ro code  0x000007bc     0x2  cstartup_M.o [1]
  .text            ro code  0x000007c0    0x1a  cmain.o [5]
  .text            ro code  0x000007da     0x4  low_level_init.o [3]
  .text            ro code  0x000007de     0x4  exit.o [3]
  .text            ro code  0x000007e2     0x2  cstartup_M.o [1]
  .text            ro code  0x000007e4     0xa  cexit.o [5]
  .text            ro code  0x000007ee     0x2  cstartup_M.o [1]
  .text            ro code  0x000007f0    0x14  exit.o [6]
  .text            ro code  0x00000804    0x10  cstartup_M.o [1]
  .text            ro code  0x00000814     0x2  cstartup_M.o [1]
  .text            ro code  0x00000816     0x2  cstartup_M.o [1]
  .text            ro code  0x00000818     0x2  cstartup_M.o [1]
  .text            ro code  0x0000081a     0x2  cstartup_M.o [1]
  .text            ro code  0x0000081c     0x2  cstartup_M.o [1]
  .text            ro code  0x0000081e     0x2  cstartup_M.o [1]
  .rodata          const    0x00000820     0x0  zero_init3.o [5]
                          - 0x00000820   0x618

"P2", part 1 of 2:                         0x8
  .bss             zero     0x20000000     0x4  Lab3_Task2b.o [1]
  .bss             zero     0x20000004     0x4  Lab3_Task2b.o [1]
                          - 0x20000008     0x8

"P2", part 2 of 2:                      0x8000
  CSTACK                    0x20000008  0x8000  <Block>
    CSTACK         uninit   0x20000008  0x8000  <Block tail>
                          - 0x20008008  0x8000


*******************************************************************************
*** INIT TABLE
***

          Address     Size
          -------     ----
Zero (__iar_zero_init3)
    1 destination range, total size 0x8:
          0x20000000   0x8



*******************************************************************************
*** MODULE SUMMARY
***

    Module            ro code  ro data  rw data
    ------            -------  -------  -------
C:\Users\alanl\OneDrive\Documents\lab3\task2b\Debug\Obj: [1]
    Lab3_Inits.o        1 176
    Lab3_Task2b.o         128                 8
    cstartup_M.o           34      520
    -------------------------------------------
    Total:              1 338      520        8

command line: [2]
    -------------------------------------------
    Total:

dl7M_tlf.a: [3]
    exit.o                  4
    low_level_init.o        4
    -------------------------------------------
    Total:                  8

m7M_tls.a: [4]
    fpinit_M.o             34
    -------------------------------------------
    Total:                 34

rt7M_tl.a: [5]
    cexit.o                10
    cmain.o                26
    data_init.o            40
    zero_init3.o           64
    -------------------------------------------
    Total:                140

shb_l.a: [6]
    exit.o                 20
    -------------------------------------------
    Total:                 20

    Gaps                    2        2
    Linker created                  16   32 768
-----------------------------------------------
    Grand Total:        1 542      538   32 776


*******************************************************************************
*** ENTRY LIST
***

Entry                      Address   Size  Type      Object
-----                      -------   ----  ----      ------
.iar.init_table$$Base   0x000007ac          --   Gb  - Linker created -
.iar.init_table$$Limit  0x000007bc          --   Gb  - Linker created -
?main                   0x000007c1         Code  Gb  cmain.o [5]
ADC0SS3_Handler         0x000006dd   0x24  Code  Gb  Lab3_Task2b.o [1]
ADCReadPot_Init         0x000003bf  0x110  Code  Gb  Lab3_Inits.o [1]
ADC_value               0x20000004    0x4  Data  Gb  Lab3_Task2b.o [1]
CSTACK$$Base            0x20000008          --   Gb  - Linker created -
CSTACK$$Limit           0x20008008          --   Gb  - Linker created -
PLL_Init                0x00000209  0x1b6  Code  Gb  Lab3_Inits.o [1]
Region$$Table$$Base     0x000007ac          --   Gb  - Linker created -
Region$$Table$$Limit    0x000007bc          --   Gb  - Linker created -
TimerADCTriger_Init     0x000004cf   0x80  Code  Gb  Lab3_Inits.o [1]
UART_init               0x0000054f   0xb0  Code  Gb  Lab3_Inits.o [1]
__cmain                 0x000007c1         Code  Gb  cmain.o [5]
__exit                  0x000007f1   0x14  Code  Gb  exit.o [6]
__iar_data_init3        0x00000761   0x28  Code  Gb  data_init.o [5]
__iar_init_vfp          0x00000789         Code  Gb  fpinit_M.o [4]
__iar_program_start     0x00000805   0x10  Code  Gb  cstartup_M.o [1]
__iar_systems$$module {Abs}
                        0x00000001         Data  Gb  command line/config [2]
__iar_zero_init3        0x00000721   0x40  Code  Gb  zero_init3.o [5]
__low_level_init        0x000007db    0x4  Code  Gb  low_level_init.o [3]
__vector_table          0x00000000  0x208  Data  Gb  cstartup_M.o [1]
_call_main              0x000007cd         Code  Gb  cmain.o [5]
_exit                   0x000007e5         Code  Gb  cexit.o [5]
_main                   0x000007d7         Code  Gb  cmain.o [5]
c                       0x20000000    0x4  Data  Gb  Lab3_Task2b.o [1]
exit                    0x000007df    0x4  Code  Gb  exit.o [3]
main                    0x000006a1   0x3c  Code  Gb  Lab3_Task2b.o [1]


[1] = C:\Users\alanl\OneDrive\Documents\lab3\task2b\Debug\Obj
[2] = command line
[3] = dl7M_tlf.a
[4] = m7M_tls.a
[5] = rt7M_tl.a
[6] = shb_l.a

   1 542 bytes of readonly  code memory
     538 bytes of readonly  data memory
  32 776 bytes of readwrite data memory

Errors: none
Warnings: none
