###############################################################################
#
# IAR ELF Linker V8.11.3.13950/W32 for ARM                16/Feb/2023  17:52:33
# Copyright 2007-2017 IAR Systems AB.
#
#    Output file  =  
#        C:\Users\alanl\OneDrive\Documents\lab3\task2a\Debug\Exe\task2a.out
#    Map file     =  
#        C:\Users\alanl\OneDrive\Documents\lab3\task2a\Debug\List\task2a.map
#    Command line =  
#        -f C:\Users\alanl\AppData\Local\Temp\EW915A.tmp
#        (C:\Users\alanl\OneDrive\Documents\lab3\task2a\Debug\Obj\cstartup_M.o
#        C:\Users\alanl\OneDrive\Documents\lab3\task2a\Debug\Obj\Lab3_Inits.o
#        C:\Users\alanl\OneDrive\Documents\lab3\task2a\Debug\Obj\Lab3_Task2a.o
#        -o C:\Users\alanl\OneDrive\Documents\lab3\task2a\Debug\Exe\task2a.out
#        --map
#        C:\Users\alanl\OneDrive\Documents\lab3\task2a\Debug\List\task2a.map
#        --config "C:\Program Files (x86)\IAR Systems\Embedded Workbench
#        8.0\arm\config\linker\TexasInstruments\TM4C1294NC.icf" --semihosting
#        --entry __iar_program_start --vfe --text_out locale)
#
###############################################################################

*******************************************************************************
*** RUNTIME MODEL ATTRIBUTES
***

CppFlavor       = *
__Heap_Handler  = Basic
__SystemLibrary = DLib
__dlib_version  = 6


*******************************************************************************
*** HEAP SELECTION
***

The basic heap was selected because some modules are built with
size limitations (and not runtime checking), and --advanced_heap
was not specified.


*******************************************************************************
*** PLACEMENT SUMMARY
***

"A0":  place at 0x00000000 { ro section .intvec };
"P1":  place in [from 0x00000000 to 0x000fffff] { ro };
define block CSTACK with size = 32K, alignment = 8 { };
define block HEAP with size = 64K, alignment = 8 { };
"P2":  place in [from 0x20000000 to 0x2003ffff] {
          rw, block CSTACK, block HEAP };
initialize by copy { rw };

  Section            Kind        Address     Size  Object
  -------            ----        -------     ----  ------
"A0":                                       0x208
  .intvec            const    0x00000000    0x208  cstartup_M.o [1]
                            - 0x00000208    0x208

"P1":                                      0x2719
  .text              ro code  0x00000208    0xc56  xprintflarge_nomb.o [3]
  .text              ro code  0x00000e5e      0xa  xsprout.o [3]
  .text              ro code  0x00000e68     0x16  strchr.o [5]
  .text              ro code  0x00000e7e      0x2  cstartup_M.o [1]
  .text              ro code  0x00000e80     0x44  xfail_s.o [3]
  .text              ro code  0x00000ec4     0x36  strlen.o [5]
  .text              ro code  0x00000efa      0x2  cstartup_M.o [1]
  .text              ro code  0x00000efc     0x58  memchr.o [5]
  .text              ro code  0x00000f54     0xee  I64DivMod.o [5]
  .text              ro code  0x00001042      0x2  cstartup_M.o [1]
  .text              ro code  0x00001044    0x1a2  DblMul.o [4]
  .text              ro code  0x000011e6      0x2  cstartup_M.o [1]
  .text              ro code  0x000011e8     0x76  ABImemcpy_unaligned.o [5]
  .text              ro code  0x0000125e      0x2  cstartup_M.o [1]
  .text              ro code  0x00001260     0x70  frexp.o [4]
  .text              ro code  0x000012d0     0x2e  DblCmpLe.o [4]
  .text              ro code  0x000012fe      0x2  cstartup_M.o [1]
  .text              ro code  0x00001300    0x246  DblDiv.o [4]
  .text              ro code  0x00001546      0x2  cstartup_M.o [1]
  .text              ro code  0x00001548     0x28  DblToU32.o [4]
  .text              ro code  0x00001570     0x1a  U32ToDbl.o [4]
  .text              ro code  0x0000158a      0x2  cstartup_M.o [1]
  .text              ro code  0x0000158c     0xe2  DblSub.o [4]
  .text              ro code  0x0000166e      0x2  cstartup_M.o [1]
  .text              ro code  0x00001670      0x8  xlocale_c.o [3]
  .text              ro code  0x00001678      0x6  abort.o [3]
  .text              ro code  0x00001680      0x2  I64DivZer.o [5]
  .text              ro code  0x00001684    0x168  DblAdd.o [4]
  .text              ro code  0x000017ec     0x14  exit.o [6]
  .text              ro code  0x00001800     0x68  iarttio.o [6]
  .text              ro code  0x00001868      0x8  XShttio.o [3]
  .text              ro code  0x00001870    0x558  Lab3_Inits.o [1]
  .text              ro code  0x00001dc8     0x48  FltToDbl.o [4]
  .text              ro code  0x00001e10     0x40  sprintf.o [3]
  .text              ro code  0x00001e50    0x144  heap0.o [3]
  .text              ro code  0x00001f94     0x2c  xgetmemchunk.o [3]
  .text              ro code  0x00001fc0     0xec  Lab3_Task2a.o [1]
  .text              ro code  0x000020ac     0x28  printf.o [3]
  .text              ro code  0x000020d4     0x68  DblToFlt.o [4]
  .text              ro code  0x0000213c     0xd8  xfspos.o [3]
  .text              ro code  0x00002214     0xac  fflush.o [3]
  .text              ro code  0x000022c0      0xc  xfgpos.o [3]
  .text              ro code  0x000022cc     0x4c  lseek.o [6]
  .text              ro code  0x00002318     0x10  write.o [6]
  .text              ro code  0x00002328     0xcc  XShHandles.o [3]
  .text              ro code  0x000023f4     0x1e  dwrite.o [6]
  .text              ro code  0x00002412     0x20  iarwstd.o [6]
  .text              ro code  0x00002432     0x22  iarwrite.o [6]
  .text              ro code  0x00002454     0xb4  xfwprep.o [3]
  .text              ro code  0x00002508     0x24  fseek.o [3]
  .text              ro code  0x0000252c     0x7e  fclose.o [3]
  .text              ro code  0x000025ac     0x7c  xfofind.o [3]
  .text              ro code  0x00002628      0x4  heaptramp0.o [3]
  .text              ro code  0x0000262c     0x1a  close.o [6]
  .text              ro code  0x00002646     0x16  remove.o [6]
  .text              ro code  0x0000265c     0x56  fputc.o [3]
  .text              ro code  0x000026b2     0x40  zero_init3.o [5]
  .text              ro code  0x000026f4     0x3c  xcloseall.o [3]
  .text              ro code  0x00002730     0x38  packbits_init_single.o [5]
  .text              ro code  0x00002768     0x28  data_init.o [5]
  .text              ro code  0x00002790     0x22  fpinit_M.o [4]
  .iar.init_table    const    0x000027b4     0x20  - Linker created -
  .text              ro code  0x000027d4     0x1a  cmain.o [5]
  .text              ro code  0x000027ee      0x4  low_level_init.o [3]
  .text              ro code  0x000027f2      0x4  exit.o [3]
  .text              ro code  0x000027f8      0xe  cexit.o [5]
  .text              ro code  0x00002806     0x16  xprout.o [3]
  .text              ro code  0x0000281c      0xc  putchar.o [3]
  .text              ro code  0x00002828     0x10  cstartup_M.o [1]
  .rodata            const    0x00002838      0xc  Lab3_Task2a.o [1]
  .rodata            const    0x00002844      0xc  Lab3_Task2a.o [1]
  .rodata            const    0x00002850      0xc  Lab3_Task2a.o [1]
  .rodata            const    0x0000285c      0x8  Lab3_Inits.o [1]
  .rodata            const    0x00002864      0x4  xlocale_c.o [3]
  .text              ro code  0x00002868      0x0  cstart_closeall.o [5]
  .rodata            const    0x00002868      0x0  zero_init3.o [5]
  .rodata            const    0x00002868      0x0  packbits_init_single.o [5]
  Initializer bytes  const    0x00002868     0xb9  <for P2-1>
                            - 0x00002921   0x2719

"P2", part 1 of 3:                          0x138
  P2-1                        0x20000000    0x138  <Init block>
    .data            inited   0x20000000     0x48  xfiles.o [3]
    .data            inited   0x20000048     0x48  xfiles.o [3]
    .data            inited   0x20000090     0x48  xfiles.o [3]
    .data            inited   0x200000d8     0x20  xfiles.o [3]
    .data            inited   0x200000f8      0x8  XShttio.o [3]
    .data            inited   0x20000100     0x38  xlocale_c.o [3]
                            - 0x20000138    0x138

"P2", part 2 of 3:                          0x138
  .bss               zero     0x20000138     0x80  XShHandles.o [3]
  .bss               zero     0x200001b8     0x50  xfiles.o [3]
  .bss               zero     0x20000208     0x50  xfiles.o [3]
  .bss               zero     0x20000258      0x8  heap0.o [3]
  .bss               zero     0x20000260      0x4  Lab3_Task2a.o [1]
  .bss               zero     0x20000264      0x4  Lab3_Task2a.o [1]
  .bss               zero     0x20000268      0x4  xgetmemchunk.o [3]
  .bss               zero     0x2000026c      0x4  xfail_s.o [3]
                            - 0x20000270    0x138

"P2", part 3 of 3:                        0x18000
  CSTACK                      0x20000270   0x8000  <Block>
    CSTACK           uninit   0x20000270   0x8000  <Block tail>
  HEAP                        0x20008270  0x10000  <Block>
    HEAP             uninit   0x20008270  0x10000  <Block tail>
                            - 0x20018270  0x18000


*******************************************************************************
*** INIT TABLE
***

          Address     Size
          -------     ----
Zero (__iar_zero_init3)
    1 destination range, total size 0x138:
          0x20000138  0x138

Copy/packbits (__iar_packbits_init_single3)
    1 source range, total size 0xb9 (59% of destination):
          0x00002868   0xb9
    1 destination range, total size 0x138:
          0x20000000  0x138



*******************************************************************************
*** MODULE SUMMARY
***

    Module                  ro code  ro data  rw data
    ------                  -------  -------  -------
C:\Users\alanl\OneDrive\Documents\lab3\task2a\Debug\Obj: [1]
    Lab3_Inits.o              1 368        8
    Lab3_Task2a.o               236       36        8
    cstartup_M.o                 34      520
    -------------------------------------------------
    Total:                    1 638      564        8

command line: [2]
    -------------------------------------------------
    Total:

dl7M_tlf.a: [3]
    XShHandles.o                204               128
    XShttio.o                     8        4        8
    abort.o                       6
    exit.o                        4
    fclose.o                    126
    fflush.o                    172
    fputc.o                      86
    fseek.o                      36
    heap0.o                     324                 8
    heaptramp0.o                  4
    low_level_init.o              4
    printf.o                     40
    putchar.o                    12
    sprintf.o                    64
    xcloseall.o                  60
    xfail_s.o                    68                 4
    xfgpos.o                     12
    xfiles.o                             147      408
    xfofind.o                   124
    xfspos.o                    216
    xfwprep.o                   180
    xgetmemchunk.o               44                 4
    xlocale_c.o                   8       38       56
    xprintflarge_nomb.o       3 158
    xprout.o                     22
    xsprout.o                    10
    -------------------------------------------------
    Total:                    4 992      189      616

m7M_tls.a: [4]
    DblAdd.o                    360
    DblCmpLe.o                   46
    DblDiv.o                    582
    DblMul.o                    418
    DblSub.o                    226
    DblToFlt.o                  104
    DblToU32.o                   40
    FltToDbl.o                   72
    U32ToDbl.o                   26
    fpinit_M.o                   34
    frexp.o                     112
    -------------------------------------------------
    Total:                    2 020

rt7M_tl.a: [5]
    ABImemcpy_unaligned.o       118
    I64DivMod.o                 238
    I64DivZer.o                   2
    cexit.o                      14
    cmain.o                      26
    cstart_closeall.o
    data_init.o                  40
    memchr.o                     88
    packbits_init_single.o       56
    strchr.o                     22
    strlen.o                     54
    zero_init3.o                 64
    -------------------------------------------------
    Total:                      722

shb_l.a: [6]
    close.o                      26
    dwrite.o                     30
    exit.o                       20
    iarttio.o                   104
    iarwrite.o                   34
    iarwstd.o                    32
    lseek.o                      76
    remove.o                     22
    write.o                      16
    -------------------------------------------------
    Total:                      360

    Gaps                         10        2
    Linker created                        32   98 304
-----------------------------------------------------
    Grand Total:              9 742      787   98 928


*******************************************************************************
*** ENTRY LIST
***

Entry                      Address   Size  Type      Object
-----                      -------   ----  ----      ------
.iar.init_table$$Base   0x000027b4          --   Gb  - Linker created -
.iar.init_table$$Limit  0x000027d4          --   Gb  - Linker created -
?main                   0x000027d5         Code  Gb  cmain.o [5]
ADC0SS3_Handler         0x00002055   0x24  Code  Gb  Lab3_Task2a.o [1]
ADCReadPot_Init         0x00001a8b  0x10c  Code  Gb  Lab3_Inits.o [1]
ADC_value               0x20000264    0x4  Data  Gb  Lab3_Task2a.o [1]
Aldata                  0x20000258    0x8  Data  Lc  heap0.o [3]
CSTACK$$Base            0x20000270          --   Gb  - Linker created -
CSTACK$$Limit           0x20008270          --   Gb  - Linker created -
HEAP$$Base              0x20008270          --   Gb  - Linker created -
HEAP$$Limit             0x20018270          --   Gb  - Linker created -
LoadInt                 0x0000039f   0x7a  Code  Lc  xprintflarge_nomb.o [3]
PLL_Init                0x00001871  0x1ac  Code  Gb  Lab3_Inits.o [1]
Region$$Table$$Base     0x000027b4          --   Gb  - Linker created -
Region$$Table$$Limit    0x000027d4          --   Gb  - Linker created -
TimerADCTriger_Init     0x00001b97   0x80  Code  Gb  Lab3_Inits.o [1]
UART_init               0x00001c17   0xb0  Code  Gb  Lab3_Inits.o [1]
_Close_all              0x000026f5   0x3c  Code  Gb  xcloseall.o [3]
_Files                  0x200000d8   0x20  Data  Gb  xfiles.o [3]
_Fofree                 0x000025ad   0x78  Code  Gb  xfofind.o [3]
_Fspos                  0x0000213d   0xd8  Code  Gb  xfspos.o [3]
_Fwprep                 0x00002455   0xb4  Code  Gb  xfwprep.o [3]
_GenldLargeNoMb         0x00000b65  0x266  Code  Lc  xprintflarge_nomb.o [3]
_LdtobLargeNoMb         0x000008df  0x260  Code  Lc  xprintflarge_nomb.o [3]
_LitobLargeNoMb         0x00000783  0x116  Code  Lc  xprintflarge_nomb.o [3]
_Locale_lconv           0x20000100   0x38  Data  Lc  xlocale_c.o [3]
_Nnl                    0x000022c1    0xc  Code  Gb  xfgpos.o [3]
_PrintfLargeNoMb        0x00000209  0x190  Code  Gb  xprintflarge_nomb.o [3]
_Prout                  0x00002807   0x16  Code  Gb  xprout.o [3]
_PutcharsLargeNoMb      0x00000dcb   0x2e  Code  Lc  xprintflarge_nomb.o [3]
_PutfldLargeNoMb        0x00000419  0x25c  Code  Lc  xprintflarge_nomb.o [3]
_PuttxtLargeNoMb        0x00000675  0x10e  Code  Lc  xprintflarge_nomb.o [3]
_SProut                 0x00000e5f    0xa  Code  Gb  xsprout.o [3]
__aeabi_cdcmple         0x000012d1         Code  Gb  DblCmpLe.o [4]
__aeabi_d2f             0x000020d5         Code  Gb  DblToFlt.o [4]
__aeabi_d2uiz           0x00001549         Code  Gb  DblToU32.o [4]
__aeabi_ddiv            0x00001301         Code  Gb  DblDiv.o [4]
__aeabi_dmul            0x00001045         Code  Gb  DblMul.o [4]
__aeabi_dsub            0x0000158d         Code  Gb  DblSub.o [4]
__aeabi_f2d             0x00001dc9         Code  Gb  FltToDbl.o [4]
__aeabi_ldiv0           0x00001681         Code  Gb  I64DivZer.o [5]
__aeabi_ui2d            0x00001571         Code  Gb  U32ToDbl.o [4]
__aeabi_uldivmod        0x00000f55         Code  Gb  I64DivMod.o [5]
__basic_free            0x00001eff   0x16  Code  Gb  heap0.o [3]
__basic_free_intern     0x00001f15   0x7a  Code  Lc  heap0.o [3]
__basic_malloc          0x00001e51   0x18  Code  Gb  heap0.o [3]
__basic_malloc_intern   0x00001e69   0x96  Code  Lc  heap0.o [3]
__cexit_closeall        0x000027fb         Code  Gb  cexit.o [5]
__close                 0x0000262d   0x1a  Code  Gb  close.o [6]
__cmain                 0x000027d5         Code  Gb  cmain.o [5]
__cstart_closeall       0x00002868         Data  Gb  cstart_closeall.o [5]
__data_GetMemChunk      0x00001f95   0x2c  Code  Gb  xgetmemchunk.o [3]
__data_GetMemChunk::start
                        0x20000268    0x4  Data  Lc  xgetmemchunk.o [3]
__dwrite                0x000023f5   0x1e  Code  Gb  dwrite.o [6]
__exit                  0x000017ed   0x14  Code  Gb  exit.o [6]
__iar_Fail_s            0x00000e81   0x1e  Code  Gb  xfail_s.o [3]
__iar_Memchr            0x00000efd         Code  Gb  memchr.o [5]
__iar_Stderr            0x20000090   0x48  Data  Gb  xfiles.o [3]
__iar_Stdin             0x20000000   0x48  Data  Gb  xfiles.o [3]
__iar_Stdout            0x20000048   0x48  Data  Gb  xfiles.o [3]
__iar_Strchr            0x00000e69         Code  Gb  strchr.o [5]
__iar_close_ttio        0x00001801   0x2c  Code  Gb  iarttio.o [6]
__iar_dadd              0x0000159d         Code  Gb  DblSub.o [4]
__iar_data_init3        0x00002769   0x28  Code  Gb  data_init.o [5]
__iar_dsub              0x00001685         Code  Gb  DblAdd.o [4]
__iar_dsubStart         0x00001697         Code  Gb  DblAdd.o [4]
__iar_frexp             0x0000126d         Code  Gb  frexp.o [4]
__iar_frexpl            0x0000126d         Code  Gb  frexp.o [4]
__iar_get_ttio          0x0000182d   0x38  Code  Gb  iarttio.o [6]
__iar_init_vfp          0x00002791         Code  Gb  fpinit_M.o [4]
__iar_lookup_ttioh      0x00001869    0x8  Code  Gb  XShttio.o [3]
__iar_packbits_init_single3
                        0x00002731   0x38  Code  Gb  packbits_init_single.o [5]
__iar_program_start     0x00002829   0x10  Code  Gb  cstartup_M.o [1]
__iar_sh_Discard        0x00002329   0x42  Code  Gb  XShHandles.o [3]
__iar_sh_Move           0x0000236b   0x46  Code  Gb  XShHandles.o [3]
__iar_sh_Pos            0x000023b1   0x3e  Code  Gb  XShHandles.o [3]
__iar_sh_stdout         0x00002413   0x20  Code  Gb  iarwstd.o [6]
__iar_sh_write          0x00002433   0x22  Code  Gb  iarwrite.o [6]
__iar_softfp___iar_frexp64
                        0x00001261         Code  Gb  frexp.o [4]
__iar_softfp_frexp      0x00001261         Code  Gb  frexp.o [4]
__iar_softfp_frexpl     0x00001261         Code  Gb  frexp.o [4]
__iar_systems$$module {Abs}
                        0x00000001         Data  Gb  command line/config [2]
__iar_ttio_handles      0x200000f8    0x8  Data  Lc  XShttio.o [3]
__iar_unaligned_memcpy  0x000011e9         Code  Gb  ABImemcpy_unaligned.o [5]
__iar_unaligned_memcpy4
                        0x00001209         Code  Gb  ABImemcpy_unaligned.o [5]
__iar_unaligned_memcpy8
                        0x00001209         Code  Gb  ABImemcpy_unaligned.o [5]
__iar_zero_init3        0x000026b3   0x40  Code  Gb  zero_init3.o [5]
__low_level_init        0x000027ef    0x4  Code  Gb  low_level_init.o [3]
__lseek                 0x000022cd   0x4c  Code  Gb  lseek.o [6]
__vector_table          0x00000000  0x208  Data  Gb  cstartup_M.o [1]
__write                 0x00002319   0x10  Code  Gb  write.o [6]
_call_main              0x000027e1         Code  Gb  cmain.o [5]
_exit                   0x000027f9         Code  Gb  cexit.o [5]
_main                   0x000027eb         Code  Gb  cmain.o [5]
abort                   0x00001679    0x6  Code  Gb  abort.o [3]
ebuf                    0x200001b8   0x50  Data  Lc  xfiles.o [3]
exit                    0x000027f3    0x4  Code  Gb  exit.o [3]
fclose                  0x0000252d   0x7e  Code  Gb  fclose.o [3]
fflush                  0x00002289   0x34  Code  Gb  fflush.o [3]
fflushOne               0x00002215   0x74  Code  Lc  fflush.o [3]
fputc                   0x0000265d   0x56  Code  Gb  fputc.o [3]
free                    0x00002629    0x4  Code  Gb  heaptramp0.o [3]
fseek                   0x00002509   0x24  Code  Gb  fseek.o [3]
led_init                0x00001a1d   0x6e  Code  Gb  Lab3_Inits.o [1]
localeconv              0x00001671    0x4  Code  Gb  xlocale_c.o [3]
main                    0x00001fc1   0x94  Code  Gb  Lab3_Task2a.o [1]
memchr                  0x00000efd         Code  Gb  memchr.o [5]
obuf                    0x20000208   0x50  Data  Lc  xfiles.o [3]
printf                  0x000020ad   0x28  Code  Gb  printf.o [3]
printputty              0x00001cc7   0x36  Code  Gb  Lab3_Inits.o [1]
putchar                 0x0000281d    0xc  Code  Gb  putchar.o [3]
remove                  0x00002647   0x16  Code  Gb  remove.o [6]
sFileInfo               0x20000138   0x80  Data  Lc  XShHandles.o [3]
scale                   0x00000899   0x46  Code  Lc  xprintflarge_nomb.o [3]
sec_hand                0x2000026c    0x4  Data  Lc  xfail_s.o [3]
sprintf                 0x00001e11   0x40  Code  Gb  sprintf.o [3]
strchr                  0x00000e69         Code  Gb  strchr.o [5]
strlen                  0x00000ec5         Code  Gb  strlen.o [5]
temp                    0x20000260    0x4  Data  Gb  Lab3_Task2a.o [1]


[1] = C:\Users\alanl\OneDrive\Documents\lab3\task2a\Debug\Obj
[2] = command line
[3] = dl7M_tlf.a
[4] = m7M_tls.a
[5] = rt7M_tl.a
[6] = shb_l.a

   9 742 bytes of readonly  code memory
     787 bytes of readonly  data memory
  98 928 bytes of readwrite data memory

Errors: none
Warnings: none
