###############################################################################
#
# IAR ELF Linker V8.11.3.13950/W32 for ARM                31/Jan/2023  22:56:45
# Copyright 2007-2017 IAR Systems AB.
#
#    Output file  =  
#        C:\Users\Alan\iCloudDrive\Documents\UW\EE474\lab2\Debug\Exe\task1.out
#    Map file     =  
#        C:\Users\Alan\iCloudDrive\Documents\UW\EE474\lab2\Debug\List\task1.map
#    Command line =  
#        -f C:\Users\Alan\AppData\Local\Temp\EW4310.tmp
#        (C:\Users\Alan\iCloudDrive\Documents\UW\EE474\lab2\Debug\Obj\task1_new.o
#        -o
#        C:\Users\Alan\iCloudDrive\Documents\UW\EE474\lab2\Debug\Exe\task1.out
#        --map
#        C:\Users\Alan\iCloudDrive\Documents\UW\EE474\lab2\Debug\List\task1.map
#        --config "C:\Program Files (x86)\IAR Systems\Embedded Workbench
#        8.0\arm\config\linker\TexasInstruments\TM4C1290NC.icf" --semihosting
#        --entry __iar_program_start --vfe --text_out locale)
#
###############################################################################

*******************************************************************************
*** RUNTIME MODEL ATTRIBUTES
***

CppFlavor       = *
__Heap_Handler  = Basic
__SystemLibrary = DLib
__dlib_version  = 6


*******************************************************************************
*** HEAP SELECTION
***

The basic heap was selected because some modules are built with
size limitations (and not runtime checking), and --advanced_heap
was not specified.


*******************************************************************************
*** PLACEMENT SUMMARY
***

"A0":  place at 0x00000000 { ro section .intvec };
"P1":  place in [from 0x00000000 to 0x000fffff] { ro };
define block CSTACK with size = 32K, alignment = 8 { };
define block HEAP with size = 64K, alignment = 8 { };
"P2":  place in [from 0x20000000 to 0x2003ffff] {
          rw, block CSTACK, block HEAP };
initialize by copy { rw };

  Section            Kind        Address     Size  Object
  -------            ----        -------     ----  ------
"A0":                                        0x40
  .intvec            ro code  0x00000000     0x40  vector_table_M.o [5]
                            - 0x00000040     0x40

"P1":                                      0x1235
  .text              ro code  0x00000040    0x6ac  task1_new.o [1]
  .text              ro code  0x000006ec     0x28  printf.o [3]
  .text              ro code  0x00000714    0x13e  xprintftiny.o [3]
  .text              ro code  0x00000852      0x2  vector_table_M.o [5]
  .text              ro code  0x00000854     0x36  strlen.o [5]
  .text              ro code  0x0000088c    0x144  heap0.o [3]
  .text              ro code  0x000009d0     0x2c  xgetmemchunk.o [3]
  .text              ro code  0x000009fc     0xd8  xfspos.o [3]
  .text              ro code  0x00000ad4     0xac  fflush.o [3]
  .text              ro code  0x00000b80      0xc  xfgpos.o [3]
  .text              ro code  0x00000b8c     0x4c  lseek.o [6]
  .text              ro code  0x00000bd8     0x10  write.o [6]
  .text              ro code  0x00000be8     0xcc  XShHandles.o [3]
  .text              ro code  0x00000cb4     0x1e  dwrite.o [6]
  .text              ro code  0x00000cd2     0x20  iarwstd.o [6]
  .text              ro code  0x00000cf2     0x22  iarwrite.o [6]
  .text              ro code  0x00000d14     0x68  iarttio.o [6]
  .text              ro code  0x00000d7c      0x8  XShttio.o [3]
  .text              ro code  0x00000d84     0xb4  xfwprep.o [3]
  .text              ro code  0x00000e38     0x24  fseek.o [3]
  .text              ro code  0x00000e5c     0x7e  fclose.o [3]
  .text              ro code  0x00000edc     0x7c  xfofind.o [3]
  .text              ro code  0x00000f58      0x4  heaptramp0.o [3]
  .text              ro code  0x00000f5c     0x1a  close.o [6]
  .text              ro code  0x00000f76     0x16  remove.o [6]
  .text              ro code  0x00000f8c     0x56  fputc.o [3]
  .text              ro code  0x00000fe2     0x40  zero_init3.o [5]
  .text              ro code  0x00001024     0x3c  xcloseall.o [3]
  .text              ro code  0x00001060     0x38  packbits_init_single.o [5]
  .text              ro code  0x00001098     0x28  data_init.o [5]
  .text              ro code  0x000010c0     0x22  fpinit_M.o [4]
  .iar.init_table    const    0x000010e4     0x20  - Linker created -
  .text              ro code  0x00001104     0x1a  cmain.o [5]
  .text              ro code  0x0000111e      0x4  low_level_init.o [3]
  .text              ro code  0x00001122      0x4  exit.o [3]
  .text              ro code  0x00001128      0xe  cexit.o [5]
  .text              ro code  0x00001138     0x14  exit.o [6]
  .rodata            const    0x0000114c     0x18  task1_new.o [1]
  .rodata            const    0x00001164     0x18  task1_new.o [1]
  .rodata            const    0x0000117c     0x18  task1_new.o [1]
  .text              ro code  0x00001194     0x16  xprout.o [3]
  .text              ro code  0x000011ac      0xc  putchar.o [3]
  .rodata            const    0x000011b8     0x14  task1_new.o [1]
  .rodata            const    0x000011cc      0xc  task1_new.o [1]
  .text              ro code  0x000011d8      0xc  cstartup_M.o [5]
  .rodata            const    0x000011e4      0x8  task1_new.o [1]
  .text              ro code  0x000011ec      0x0  cstart_closeall.o [5]
  .rodata            const    0x000011ec      0x0  zero_init3.o [5]
  .rodata            const    0x000011ec      0x0  packbits_init_single.o [5]
  Initializer bytes  const    0x000011ec     0x89  <for P2-1>
                            - 0x00001275   0x1235

"P2", part 1 of 3:                          0x100
  P2-1                        0x20000000    0x100  <Init block>
    .data            inited   0x20000000     0x48  xfiles.o [3]
    .data            inited   0x20000048     0x48  xfiles.o [3]
    .data            inited   0x20000090     0x48  xfiles.o [3]
    .data            inited   0x200000d8     0x20  xfiles.o [3]
    .data            inited   0x200000f8      0x8  XShttio.o [3]
                            - 0x20000100    0x100

"P2", part 2 of 3:                          0x130
  .bss               zero     0x20000100     0x80  XShHandles.o [3]
  .bss               zero     0x20000180     0x50  xfiles.o [3]
  .bss               zero     0x200001d0     0x50  xfiles.o [3]
  .bss               zero     0x20000220      0x8  heap0.o [3]
  .bss               zero     0x20000228      0x4  xgetmemchunk.o [3]
  .bss               zero     0x2000022c      0x1  task1_new.o [1]
                            - 0x2000022d    0x12d

"P2", part 3 of 3:                        0x18000
  CSTACK                      0x20000230   0x8000  <Block>
    CSTACK           uninit   0x20000230   0x8000  <Block tail>
  HEAP                        0x20008230  0x10000  <Block>
    HEAP             uninit   0x20008230  0x10000  <Block tail>
                            - 0x20018230  0x18000


*******************************************************************************
*** INIT TABLE
***

          Address     Size
          -------     ----
Zero (__iar_zero_init3)
    1 destination range, total size 0x12d:
          0x20000100  0x12d

Copy/packbits (__iar_packbits_init_single3)
    1 source range, total size 0x89 (53% of destination):
          0x000011ec   0x89
    1 destination range, total size 0x100:
          0x20000000  0x100



*******************************************************************************
*** MODULE SUMMARY
***

    Module                  ro code  ro data  rw data
    ------                  -------  -------  -------
C:\Users\Alan\iCloudDrive\Documents\UW\EE474\lab2\Debug\Obj: [1]
    task1_new.o               1 708      112        1
    -------------------------------------------------
    Total:                    1 708      112        1

command line: [2]
    -------------------------------------------------
    Total:

dl7M_tlf.a: [3]
    XShHandles.o                204               128
    XShttio.o                     8        5        8
    exit.o                        4
    fclose.o                    126
    fflush.o                    172
    fputc.o                      86
    fseek.o                      36
    heap0.o                     324                 8
    heaptramp0.o                  4
    low_level_init.o              4
    printf.o                     40
    putchar.o                    12
    xcloseall.o                  60
    xfgpos.o                     12
    xfiles.o                             132      408
    xfofind.o                   124
    xfspos.o                    216
    xfwprep.o                   180
    xgetmemchunk.o               44                 4
    xprintftiny.o               318
    xprout.o                     22
    -------------------------------------------------
    Total:                    1 996      137      556

m7M_tls.a: [4]
    fpinit_M.o                   34
    -------------------------------------------------
    Total:                       34

rt7M_tl.a: [5]
    cexit.o                      14
    cmain.o                      26
    cstart_closeall.o
    cstartup_M.o                 12
    data_init.o                  40
    packbits_init_single.o       56
    strlen.o                     54
    vector_table_M.o             66
    zero_init3.o                 64
    -------------------------------------------------
    Total:                      332

shb_l.a: [6]
    close.o                      26
    dwrite.o                     30
    exit.o                       20
    iarttio.o                   104
    iarwrite.o                   34
    iarwstd.o                    32
    lseek.o                      76
    remove.o                     22
    write.o                      16
    -------------------------------------------------
    Total:                      360

    Gaps                         12        2
    Linker created                        32   98 304
-----------------------------------------------------
    Grand Total:              4 442      283   98 861


*******************************************************************************
*** ENTRY LIST
***

Entry                      Address   Size  Type      Object
-----                      -------   ----  ----      ------
.iar.init_table$$Base   0x000010e4          --   Gb  - Linker created -
.iar.init_table$$Limit  0x00001104          --   Gb  - Linker created -
?main                   0x00001105         Code  Gb  cmain.o [5]
Aldata                  0x20000220    0x8  Data  Lc  heap0.o [3]
CSTACK$$Base            0x20000230          --   Gb  - Linker created -
CSTACK$$Limit           0x20008230          --   Gb  - Linker created -
HEAP$$Base              0x20008230          --   Gb  - Linker created -
HEAP$$Limit             0x20018230          --   Gb  - Linker created -
LED_init                0x000003eb   0xbc  Code  Gb  task1_new.o [1]
LED_off                 0x000004e3   0x4a  Code  Gb  task1_new.o [1]
LED_on                  0x000004a7   0x3c  Code  Gb  task1_new.o [1]
Region$$Table$$Base     0x000010e4          --   Gb  - Linker created -
Region$$Table$$Limit    0x00001104          --   Gb  - Linker created -
_Close_all              0x00001025   0x3c  Code  Gb  xcloseall.o [3]
_Files                  0x200000d8   0x20  Data  Gb  xfiles.o [3]
_Fofree                 0x00000edd   0x78  Code  Gb  xfofind.o [3]
_Fspos                  0x000009fd   0xd8  Code  Gb  xfspos.o [3]
_Fwprep                 0x00000d85   0xb4  Code  Gb  xfwprep.o [3]
_Nnl                    0x00000b81    0xc  Code  Gb  xfgpos.o [3]
_PrintfTiny             0x0000072d  0x126  Code  Gb  xprintftiny.o [3]
_Prout                  0x00001195   0x16  Code  Gb  xprout.o [3]
__basic_free            0x0000093b   0x16  Code  Gb  heap0.o [3]
__basic_free_intern     0x00000951   0x7a  Code  Lc  heap0.o [3]
__basic_malloc          0x0000088d   0x18  Code  Gb  heap0.o [3]
__basic_malloc_intern   0x000008a5   0x96  Code  Lc  heap0.o [3]
__cexit_closeall        0x0000112b         Code  Gb  cexit.o [5]
__close                 0x00000f5d   0x1a  Code  Gb  close.o [6]
__cmain                 0x00001105         Code  Gb  cmain.o [5]
__cstart_closeall       0x000011ec         Data  Gb  cstart_closeall.o [5]
__data_GetMemChunk      0x000009d1   0x2c  Code  Gb  xgetmemchunk.o [3]
__data_GetMemChunk::start
                        0x20000228    0x4  Data  Lc  xgetmemchunk.o [3]
__dwrite                0x00000cb5   0x1e  Code  Gb  dwrite.o [6]
__exit                  0x00001139   0x14  Code  Gb  exit.o [6]
__iar_Stderr            0x20000090   0x48  Data  Gb  xfiles.o [3]
__iar_Stdin             0x20000000   0x48  Data  Gb  xfiles.o [3]
__iar_Stdout            0x20000048   0x48  Data  Gb  xfiles.o [3]
__iar_close_ttio        0x00000d15   0x2c  Code  Gb  iarttio.o [6]
__iar_data_init3        0x00001099   0x28  Code  Gb  data_init.o [5]
__iar_get_ttio          0x00000d41   0x38  Code  Gb  iarttio.o [6]
__iar_init_vfp          0x000010c1         Code  Gb  fpinit_M.o [4]
__iar_lookup_ttioh      0x00000d7d    0x8  Code  Gb  XShttio.o [3]
__iar_packbits_init_single3
                        0x00001061   0x38  Code  Gb  packbits_init_single.o [5]
__iar_program_start     0x000011d9         Code  Gb  cstartup_M.o [5]
__iar_sh_Discard        0x00000be9   0x42  Code  Gb  XShHandles.o [3]
__iar_sh_Move           0x00000c2b   0x46  Code  Gb  XShHandles.o [3]
__iar_sh_Pos            0x00000c71   0x3e  Code  Gb  XShHandles.o [3]
__iar_sh_stdout         0x00000cd3   0x20  Code  Gb  iarwstd.o [6]
__iar_sh_write          0x00000cf3   0x22  Code  Gb  iarwrite.o [6]
__iar_systems$$module {Abs}
                        0x00000001         Data  Gb  command line/config [2]
__iar_ttio_handles      0x200000f8    0x8  Data  Lc  XShttio.o [3]
__iar_zero_init3        0x00000fe3   0x40  Code  Gb  zero_init3.o [5]
__low_level_init        0x0000111f    0x4  Code  Gb  low_level_init.o [3]
__lseek                 0x00000b8d   0x4c  Code  Gb  lseek.o [6]
__vector_table          0x00000000         Data  Gb  vector_table_M.o [5]
__write                 0x00000bd9   0x10  Code  Gb  write.o [6]
_call_main              0x00001111         Code  Gb  cmain.o [5]
_exit                   0x00001129         Code  Gb  cexit.o [5]
_main                   0x0000111b         Code  Gb  cmain.o [5]
check                   0x0000010d   0x90  Code  Gb  task1_new.o [1]
ebuf                    0x20000180   0x50  Data  Lc  xfiles.o [3]
exit                    0x00001123    0x4  Code  Gb  exit.o [3]
extern_switch_init      0x00000315   0xb0  Code  Gb  task1_new.o [1]
fclose                  0x00000e5d   0x7e  Code  Gb  fclose.o [3]
fflush                  0x00000b49   0x34  Code  Gb  fflush.o [3]
fflushOne               0x00000ad5   0x74  Code  Lc  fflush.o [3]
fputc                   0x00000f8d   0x56  Code  Gb  fputc.o [3]
free                    0x00000f59    0x4  Code  Gb  heaptramp0.o [3]
fseek                   0x00000e39   0x24  Code  Gb  fseek.o [3]
led_and_switch_init     0x0000019d   0x88  Code  Gb  task1_new.o [1]
main                    0x00000041   0x64  Code  Gb  task1_new.o [1]
obuf                    0x200001d0   0x50  Data  Lc  xfiles.o [3]
out                     0x00000715   0x18  Code  Lc  xprintftiny.o [3]
printf                  0x000006ed   0x28  Code  Gb  printf.o [3]
putchar                 0x000011ad    0xc  Code  Gb  putchar.o [3]
remove                  0x00000f77   0x16  Code  Gb  remove.o [6]
sFileInfo               0x20000100   0x80  Data  Lc  XShHandles.o [3]
state                   0x2000022c    0x1  Data  Gb  task1_new.o [1]
strlen                  0x00000855         Code  Gb  strlen.o [5]
switch_input            0x000003c5   0x26  Code  Gb  task1_new.o [1]
timer_init              0x00000225   0xea  Code  Gb  task1_new.o [1]
trafficLight_SM         0x0000052d  0x10e  Code  Gb  task1_new.o [1]
wait                    0x000000a5   0x68  Code  Gb  task1_new.o [1]


[1] = C:\Users\Alan\iCloudDrive\Documents\UW\EE474\lab2\Debug\Obj
[2] = command line
[3] = dl7M_tlf.a
[4] = m7M_tls.a
[5] = rt7M_tl.a
[6] = shb_l.a

   4 442 bytes of readonly  code memory
     283 bytes of readonly  data memory
  98 861 bytes of readwrite data memory

Errors: none
Warnings: none
