###############################################################################
#
# IAR ELF Linker V8.11.3.13950/W32 for ARM                03/Feb/2023  15:39:55
# Copyright 2007-2017 IAR Systems AB.
#
#    Output file  =  
#        C:\Users\Alan\iCloudDrive\Documents\UW\EE474\lab2\Debug\Exe\task2a.out
#    Map file     =  
#        C:\Users\Alan\iCloudDrive\Documents\UW\EE474\lab2\Debug\List\task2a.map
#    Command line =  
#        -f C:\Users\Alan\AppData\Local\Temp\EWB1E2.tmp
#        (C:\Users\Alan\iCloudDrive\Documents\UW\EE474\lab2\Debug\Obj\cstartup_M.o
#        C:\Users\Alan\iCloudDrive\Documents\UW\EE474\lab2\Debug\Obj\task2a.o
#        -o
#        C:\Users\Alan\iCloudDrive\Documents\UW\EE474\lab2\Debug\Exe\task2a.out
#        --map
#        C:\Users\Alan\iCloudDrive\Documents\UW\EE474\lab2\Debug\List\task2a.map
#        --config "C:\Program Files (x86)\IAR Systems\Embedded Workbench
#        8.0\arm\config\linker\TexasInstruments\TM4C1294NC.icf" --semihosting
#        --entry __iar_program_start --vfe --text_out locale)
#
###############################################################################

*******************************************************************************
*** RUNTIME MODEL ATTRIBUTES
***

CppFlavor       = *
__Heap_Handler  = Basic
__SystemLibrary = DLib
__dlib_version  = 6


*******************************************************************************
*** HEAP SELECTION
***

The basic heap was selected because some modules are built with
size limitations (and not runtime checking), and --advanced_heap
was not specified.


*******************************************************************************
*** PLACEMENT SUMMARY
***

"A0":  place at 0x00000000 { ro section .intvec };
"P1":  place in [from 0x00000000 to 0x000fffff] { ro };
define block CSTACK with size = 32K, alignment = 8 { };
define block HEAP with size = 64K, alignment = 8 { };
"P2":  place in [from 0x20000000 to 0x2003ffff] {
          rw, block CSTACK, block HEAP };
initialize by copy { rw };

  Section            Kind        Address     Size  Object
  -------            ----        -------     ----  ------
"A0":                                       0x168
  .intvec            const    0x00000000    0x168  cstartup_M.o [1]
                            - 0x00000168    0x168

"P1":                                       0xda0
  .text              ro code  0x00000168    0x258  task2a.o [1]
  .text              ro code  0x000003c0     0x28  printf.o [3]
  .text              ro code  0x000003e8    0x13e  xprintftiny.o [3]
  .text              ro code  0x00000526      0x2  cstartup_M.o [1]
  .text              ro code  0x00000528     0x36  strlen.o [5]
  .text              ro code  0x0000055e      0x2  cstartup_M.o [1]
  .text              ro code  0x00000560    0x144  heap0.o [3]
  .text              ro code  0x000006a4     0x2c  xgetmemchunk.o [3]
  .text              ro code  0x000006d0     0xd8  xfspos.o [3]
  .text              ro code  0x000007a8     0xac  fflush.o [3]
  .text              ro code  0x00000854      0xc  xfgpos.o [3]
  .text              ro code  0x00000860     0x4c  lseek.o [6]
  .text              ro code  0x000008ac     0x10  write.o [6]
  .text              ro code  0x000008bc     0xcc  XShHandles.o [3]
  .text              ro code  0x00000988     0x1e  dwrite.o [6]
  .text              ro code  0x000009a6     0x20  iarwstd.o [6]
  .text              ro code  0x000009c6     0x22  iarwrite.o [6]
  .text              ro code  0x000009e8     0x68  iarttio.o [6]
  .text              ro code  0x00000a50      0x8  XShttio.o [3]
  .text              ro code  0x00000a58     0xb4  xfwprep.o [3]
  .text              ro code  0x00000b0c     0x24  fseek.o [3]
  .text              ro code  0x00000b30     0x7e  fclose.o [3]
  .text              ro code  0x00000bae      0x2  cstartup_M.o [1]
  .text              ro code  0x00000bb0     0x7c  xfofind.o [3]
  .text              ro code  0x00000c2c      0x4  heaptramp0.o [3]
  .text              ro code  0x00000c30     0x1a  close.o [6]
  .text              ro code  0x00000c4a     0x16  remove.o [6]
  .text              ro code  0x00000c60     0x56  fputc.o [3]
  .text              ro code  0x00000cb6     0x40  zero_init3.o [5]
  .text              ro code  0x00000cf6      0x2  cstartup_M.o [1]
  .text              ro code  0x00000cf8     0x3c  xcloseall.o [3]
  .text              ro code  0x00000d34     0x38  packbits_init_single.o [5]
  .text              ro code  0x00000d6c     0x28  data_init.o [5]
  .text              ro code  0x00000d94     0x22  fpinit_M.o [4]
  .iar.init_table    const    0x00000db8     0x20  - Linker created -
  .text              ro code  0x00000dd8      0x2  cstartup_M.o [1]
  .text              ro code  0x00000ddc     0x1a  cmain.o [5]
  .text              ro code  0x00000df6      0x4  low_level_init.o [3]
  .text              ro code  0x00000dfa      0x4  exit.o [3]
  .text              ro code  0x00000dfe      0x2  cstartup_M.o [1]
  .text              ro code  0x00000e00      0xe  cexit.o [5]
  .text              ro code  0x00000e0e      0x2  cstartup_M.o [1]
  .text              ro code  0x00000e10     0x14  exit.o [6]
  .text              ro code  0x00000e24     0x16  xprout.o [3]
  .text              ro code  0x00000e3a      0x2  cstartup_M.o [1]
  .text              ro code  0x00000e3c      0xc  putchar.o [3]
  .text              ro code  0x00000e48     0x10  cstartup_M.o [1]
  .rodata            const    0x00000e58      0xc  task2a.o [1]
  .rodata            const    0x00000e64      0x8  task2a.o [1]
  .text              ro code  0x00000e6c      0x2  cstartup_M.o [1]
  .text              ro code  0x00000e6e      0x2  cstartup_M.o [1]
  .text              ro code  0x00000e70      0x2  cstartup_M.o [1]
  .text              ro code  0x00000e72      0x2  cstartup_M.o [1]
  .text              ro code  0x00000e74      0x2  cstartup_M.o [1]
  .text              ro code  0x00000e78      0x0  cstart_closeall.o [5]
  .rodata            const    0x00000e78      0x0  zero_init3.o [5]
  .rodata            const    0x00000e78      0x0  packbits_init_single.o [5]
  Initializer bytes  const    0x00000e78     0x90  <for P2-1>
                            - 0x00000f08    0xda0

"P2", part 1 of 3:                          0x104
  P2-1                        0x20000000    0x104  <Init block>
    .data            inited   0x20000000      0x4  task2a.o [1]
    .data            inited   0x20000004     0x48  xfiles.o [3]
    .data            inited   0x2000004c     0x48  xfiles.o [3]
    .data            inited   0x20000094     0x48  xfiles.o [3]
    .data            inited   0x200000dc     0x20  xfiles.o [3]
    .data            inited   0x200000fc      0x8  XShttio.o [3]
                            - 0x20000104    0x104

"P2", part 2 of 3:                          0x130
  .bss               zero     0x20000104     0x80  XShHandles.o [3]
  .bss               zero     0x20000184     0x50  xfiles.o [3]
  .bss               zero     0x200001d4     0x50  xfiles.o [3]
  .bss               zero     0x20000224      0x8  heap0.o [3]
  .bss               zero     0x2000022c      0x4  xgetmemchunk.o [3]
  .bss               zero     0x20000230      0x1  task2a.o [1]
                            - 0x20000231    0x12d

"P2", part 3 of 3:                        0x18000
  CSTACK                      0x20000238   0x8000  <Block>
    CSTACK           uninit   0x20000238   0x8000  <Block tail>
  HEAP                        0x20008238  0x10000  <Block>
    HEAP             uninit   0x20008238  0x10000  <Block tail>
                            - 0x20018238  0x18000


*******************************************************************************
*** INIT TABLE
***

          Address     Size
          -------     ----
Zero (__iar_zero_init3)
    1 destination range, total size 0x12d:
          0x20000104  0x12d

Copy/packbits (__iar_packbits_init_single3)
    1 source range, total size 0x90 (55% of destination):
          0x00000e78   0x90
    1 destination range, total size 0x104:
          0x20000000  0x104



*******************************************************************************
*** MODULE SUMMARY
***

    Module                  ro code  ro data  rw data
    ------                  -------  -------  -------
C:\Users\Alan\iCloudDrive\Documents\UW\EE474\lab2\Debug\Obj: [1]
    cstartup_M.o                 42      360
    task2a.o                    600       22        5
    -------------------------------------------------
    Total:                      642      382        5

command line: [2]
    -------------------------------------------------
    Total:

dl7M_tlf.a: [3]
    XShHandles.o                204               128
    XShttio.o                     8        5        8
    exit.o                        4
    fclose.o                    126
    fflush.o                    172
    fputc.o                      86
    fseek.o                      36
    heap0.o                     324                 8
    heaptramp0.o                  4
    low_level_init.o              4
    printf.o                     40
    putchar.o                    12
    xcloseall.o                  60
    xfgpos.o                     12
    xfiles.o                             137      408
    xfofind.o                   124
    xfspos.o                    216
    xfwprep.o                   180
    xgetmemchunk.o               44                 4
    xprintftiny.o               318
    xprout.o                     22
    -------------------------------------------------
    Total:                    1 996      142      556

m7M_tls.a: [4]
    fpinit_M.o                   34
    -------------------------------------------------
    Total:                       34

rt7M_tl.a: [5]
    cexit.o                      14
    cmain.o                      26
    cstart_closeall.o
    data_init.o                  40
    packbits_init_single.o       56
    strlen.o                     54
    zero_init3.o                 64
    -------------------------------------------------
    Total:                      254

shb_l.a: [6]
    close.o                      26
    dwrite.o                     30
    exit.o                       20
    iarttio.o                   104
    iarwrite.o                   34
    iarwstd.o                    32
    lseek.o                      76
    remove.o                     22
    write.o                      16
    -------------------------------------------------
    Total:                      360

    Gaps                          4        2
    Linker created                        32   98 304
-----------------------------------------------------
    Grand Total:              3 290      558   98 865


*******************************************************************************
*** ENTRY LIST
***

Entry                      Address   Size  Type      Object
-----                      -------   ----  ----      ------
.iar.init_table$$Base   0x00000db8          --   Gb  - Linker created -
.iar.init_table$$Limit  0x00000dd8          --   Gb  - Linker created -
?main                   0x00000ddd         Code  Gb  cmain.o [5]
Aldata                  0x20000224    0x8  Data  Lc  heap0.o [3]
CSTACK$$Base            0x20000238          --   Gb  - Linker created -
CSTACK$$Limit           0x20008238          --   Gb  - Linker created -
HEAP$$Base              0x20008238          --   Gb  - Linker created -
HEAP$$Limit             0x20018238          --   Gb  - Linker created -
Region$$Table$$Base     0x00000db8          --   Gb  - Linker created -
Region$$Table$$Limit    0x00000dd8          --   Gb  - Linker created -
Timer0A_Handler         0x00000231  0x120  Code  Gb  task2a.o [1]
_Close_all              0x00000cf9   0x3c  Code  Gb  xcloseall.o [3]
_Files                  0x200000dc   0x20  Data  Gb  xfiles.o [3]
_Fofree                 0x00000bb1   0x78  Code  Gb  xfofind.o [3]
_Fspos                  0x000006d1   0xd8  Code  Gb  xfspos.o [3]
_Fwprep                 0x00000a59   0xb4  Code  Gb  xfwprep.o [3]
_Nnl                    0x00000855    0xc  Code  Gb  xfgpos.o [3]
_PrintfTiny             0x00000401  0x126  Code  Gb  xprintftiny.o [3]
_Prout                  0x00000e25   0x16  Code  Gb  xprout.o [3]
__basic_free            0x0000060f   0x16  Code  Gb  heap0.o [3]
__basic_free_intern     0x00000625   0x7a  Code  Lc  heap0.o [3]
__basic_malloc          0x00000561   0x18  Code  Gb  heap0.o [3]
__basic_malloc_intern   0x00000579   0x96  Code  Lc  heap0.o [3]
__cexit_closeall        0x00000e03         Code  Gb  cexit.o [5]
__close                 0x00000c31   0x1a  Code  Gb  close.o [6]
__cmain                 0x00000ddd         Code  Gb  cmain.o [5]
__cstart_closeall       0x00000e78         Data  Gb  cstart_closeall.o [5]
__data_GetMemChunk      0x000006a5   0x2c  Code  Gb  xgetmemchunk.o [3]
__data_GetMemChunk::start
                        0x2000022c    0x4  Data  Lc  xgetmemchunk.o [3]
__dwrite                0x00000989   0x1e  Code  Gb  dwrite.o [6]
__exit                  0x00000e11   0x14  Code  Gb  exit.o [6]
__iar_Stderr            0x20000094   0x48  Data  Gb  xfiles.o [3]
__iar_Stdin             0x20000004   0x48  Data  Gb  xfiles.o [3]
__iar_Stdout            0x2000004c   0x48  Data  Gb  xfiles.o [3]
__iar_close_ttio        0x000009e9   0x2c  Code  Gb  iarttio.o [6]
__iar_data_init3        0x00000d6d   0x28  Code  Gb  data_init.o [5]
__iar_get_ttio          0x00000a15   0x38  Code  Gb  iarttio.o [6]
__iar_init_vfp          0x00000d95         Code  Gb  fpinit_M.o [4]
__iar_lookup_ttioh      0x00000a51    0x8  Code  Gb  XShttio.o [3]
__iar_packbits_init_single3
                        0x00000d35   0x38  Code  Gb  packbits_init_single.o [5]
__iar_program_start     0x00000e49   0x10  Code  Gb  cstartup_M.o [1]
__iar_sh_Discard        0x000008bd   0x42  Code  Gb  XShHandles.o [3]
__iar_sh_Move           0x000008ff   0x46  Code  Gb  XShHandles.o [3]
__iar_sh_Pos            0x00000945   0x3e  Code  Gb  XShHandles.o [3]
__iar_sh_stdout         0x000009a7   0x20  Code  Gb  iarwstd.o [6]
__iar_sh_write          0x000009c7   0x22  Code  Gb  iarwrite.o [6]
__iar_systems$$module {Abs}
                        0x00000001         Data  Gb  command line/config [2]
__iar_ttio_handles      0x200000fc    0x8  Data  Lc  XShttio.o [3]
__iar_zero_init3        0x00000cb7   0x40  Code  Gb  zero_init3.o [5]
__low_level_init        0x00000df7    0x4  Code  Gb  low_level_init.o [3]
__lseek                 0x00000861   0x4c  Code  Gb  lseek.o [6]
__vector_table          0x00000000  0x168  Data  Gb  cstartup_M.o [1]
__write                 0x000008ad   0x10  Code  Gb  write.o [6]
_call_main              0x00000de9         Code  Gb  cmain.o [5]
_exit                   0x00000e01         Code  Gb  cexit.o [5]
_main                   0x00000df3         Code  Gb  cmain.o [5]
ebuf                    0x20000184   0x50  Data  Lc  xfiles.o [3]
exit                    0x00000dfb    0x4  Code  Gb  exit.o [3]
fclose                  0x00000b31   0x7e  Code  Gb  fclose.o [3]
fflush                  0x0000081d   0x34  Code  Gb  fflush.o [3]
fflushOne               0x000007a9   0x74  Code  Lc  fflush.o [3]
fputc                   0x00000c61   0x56  Code  Gb  fputc.o [3]
free                    0x00000c2d    0x4  Code  Gb  heaptramp0.o [3]
fseek                   0x00000b0d   0x24  Code  Gb  fseek.o [3]
i                       0x20000000    0x4  Data  Gb  task2a.o [1]
led_and_switch_init     0x000001c3   0x6e  Code  Gb  task2a.o [1]
main                    0x00000351   0x12  Code  Gb  task2a.o [1]
obuf                    0x200001d4   0x50  Data  Lc  xfiles.o [3]
out                     0x000003e9   0x18  Code  Lc  xprintftiny.o [3]
printf                  0x000003c1   0x28  Code  Gb  printf.o [3]
putchar                 0x00000e3d    0xc  Code  Gb  putchar.o [3]
remove                  0x00000c4b   0x16  Code  Gb  remove.o [6]
sFileInfo               0x20000104   0x80  Data  Lc  XShHandles.o [3]
state                   0x20000230    0x1  Data  Gb  task2a.o [1]
strlen                  0x00000529         Code  Gb  strlen.o [5]
timer_init              0x00000169   0x5a  Code  Gb  task2a.o [1]


[1] = C:\Users\Alan\iCloudDrive\Documents\UW\EE474\lab2\Debug\Obj
[2] = command line
[3] = dl7M_tlf.a
[4] = m7M_tls.a
[5] = rt7M_tl.a
[6] = shb_l.a

   3 290 bytes of readonly  code memory
     558 bytes of readonly  data memory
  98 865 bytes of readwrite data memory

Errors: none
Warnings: none
